[INFO] Scanning for projects...
[INFO] 
[INFO] -------------------< com.divkit:divkit-demo-backend >-------------------
[INFO] Building DivKit Demo Backend 1.0.0
[INFO]   from pom.xml
[INFO] --------------------------------[ jar ]---------------------------------
[INFO] 
[INFO] >>> spring-boot:3.2.0:run (default-cli) > test-compile @ divkit-demo-backend >>>
[INFO] 
[INFO] --- resources:3.3.1:resources (default-resources) @ divkit-demo-backend ---
[INFO] Copying 1 resource from src/main/resources to target/classes
[INFO] Copying 0 resource from src/main/resources to target/classes
[INFO] 
[INFO] --- compiler:3.11.0:compile (default-compile) @ divkit-demo-backend ---
[INFO] Nothing to compile - all classes are up to date
[INFO] 
[INFO] --- resources:3.3.1:testResources (default-testResources) @ divkit-demo-backend ---
[INFO] skip non existing resourceDirectory /Users/lexone/Work/SwiftSoft/Projects/sbermobile-ios/divkit-demo/backend/src/test/resources
[INFO] 
[INFO] --- compiler:3.11.0:testCompile (default-testCompile) @ divkit-demo-backend ---
[INFO] No sources to compile
[INFO] 
[INFO] <<< spring-boot:3.2.0:run (default-cli) < test-compile @ divkit-demo-backend <<<
[INFO] 
[INFO] 
[INFO] --- spring-boot:3.2.0:run (default-cli) @ divkit-demo-backend ---
[INFO] Attaching agents: []

  .   ____          _            __ _ _
 /\\ / ___'_ __ _ _(_)_ __  __ _ \ \ \ \
( ( )\___ | '_ | '_| | '_ \/ _` | \ \ \ \
 \\/  ___)| |_)| | | | | || (_| |  ) ) ) )
  '  |____| .__|_| |_|_| |_\__, | / / / /
 =========|_|==============|___/=/_/_/_/
 :: Spring Boot ::                (v3.2.0)

2025-08-24T12:16:57.188+03:00  INFO 42087 --- [           main] com.divkit.demo.DivKitDemoApplication    : Starting DivKitDemoApplication using Java 17.0.9 with PID 42087 (/Users/lexone/Work/SwiftSoft/Projects/sbermobile-ios/divkit-demo/backend/target/classes started by lexone in /Users/lexone/Work/SwiftSoft/Projects/sbermobile-ios/divkit-demo/backend)
2025-08-24T12:16:57.189+03:00 DEBUG 42087 --- [           main] com.divkit.demo.DivKitDemoApplication    : Running with Spring Boot v3.2.0, Spring v6.1.1
2025-08-24T12:16:57.189+03:00  INFO 42087 --- [           main] com.divkit.demo.DivKitDemoApplication    : No active profile set, falling back to 1 default profile: "default"
2025-08-24T12:16:57.494+03:00  INFO 42087 --- [           main] .s.d.r.c.RepositoryConfigurationDelegate : Bootstrapping Spring Data JPA repositories in DEFAULT mode.
2025-08-24T12:16:57.519+03:00  INFO 42087 --- [           main] .s.d.r.c.RepositoryConfigurationDelegate : Finished Spring Data repository scanning in 22 ms. Found 1 JPA repository interface.
2025-08-24T12:16:57.765+03:00  INFO 42087 --- [           main] o.s.b.w.embedded.tomcat.TomcatWebServer  : Tomcat initialized with port 8080 (http)
2025-08-24T12:16:57.770+03:00  INFO 42087 --- [           main] o.apache.catalina.core.StandardService   : Starting service [Tomcat]
2025-08-24T12:16:57.770+03:00  INFO 42087 --- [           main] o.apache.catalina.core.StandardEngine    : Starting Servlet engine: [Apache Tomcat/10.1.16]
2025-08-24T12:16:57.800+03:00  INFO 42087 --- [           main] o.a.c.c.C.[Tomcat].[localhost].[/]       : Initializing Spring embedded WebApplicationContext
2025-08-24T12:16:57.807+03:00  INFO 42087 --- [           main] w.s.c.ServletWebServerApplicationContext : Root WebApplicationContext: initialization completed in 591 ms
2025-08-24T12:16:57.827+03:00  INFO 42087 --- [           main] com.zaxxer.hikari.HikariDataSource       : HikariPool-1 - Starting...
2025-08-24T12:16:57.934+03:00  INFO 42087 --- [           main] com.zaxxer.hikari.pool.HikariPool        : HikariPool-1 - Added connection conn0: url=jdbc:h2:mem:testdb user=SA
2025-08-24T12:16:57.935+03:00  INFO 42087 --- [           main] com.zaxxer.hikari.HikariDataSource       : HikariPool-1 - Start completed.
2025-08-24T12:16:57.940+03:00  INFO 42087 --- [           main] o.s.b.a.h2.H2ConsoleAutoConfiguration    : H2 console available at '/h2-console'. Database available at 'jdbc:h2:mem:testdb'
2025-08-24T12:16:58.002+03:00  INFO 42087 --- [           main] o.hibernate.jpa.internal.util.LogHelper  : HHH000204: Processing PersistenceUnitInfo [name: default]
2025-08-24T12:16:58.035+03:00  INFO 42087 --- [           main] org.hibernate.Version                    : HHH000412: Hibernate ORM core version 6.3.1.Final
2025-08-24T12:16:58.058+03:00  INFO 42087 --- [           main] o.h.c.internal.RegionFactoryInitiator    : HHH000026: Second-level cache disabled
2025-08-24T12:16:58.174+03:00  INFO 42087 --- [           main] o.s.o.j.p.SpringPersistenceUnitInfo      : No LoadTimeWeaver setup: ignoring JPA class transformer
2025-08-24T12:16:58.197+03:00  WARN 42087 --- [           main] org.hibernate.orm.deprecation            : HHH90000025: H2Dialect does not need to be specified explicitly using 'hibernate.dialect' (remove the property setting and it will be selected by default)
2025-08-24T12:16:58.570+03:00  INFO 42087 --- [           main] o.h.e.t.j.p.i.JtaPlatformInitiator       : HHH000489: No JTA platform available (set 'hibernate.transaction.jta.platform' to enable JTA platform integration)
Hibernate: drop table if exists notes cascade 
Hibernate: create table notes (created_at timestamp(6) not null, id bigint generated by default as identity, updated_at timestamp(6), content TEXT, title varchar(255) not null, primary key (id))
2025-08-24T12:16:58.584+03:00  INFO 42087 --- [           main] j.LocalContainerEntityManagerFactoryBean : Initialized JPA EntityManagerFactory for persistence unit 'default'
2025-08-24T12:16:58.696+03:00  WARN 42087 --- [           main] JpaBaseConfiguration$JpaWebConfiguration : spring.jpa.open-in-view is enabled by default. Therefore, database queries may be performed during view rendering. Explicitly configure spring.jpa.open-in-view to disable this warning
2025-08-24T12:16:58.734+03:00 DEBUG 42087 --- [           main] s.w.s.m.m.a.RequestMappingHandlerMapping : 5 mappings in 'requestMappingHandlerMapping'
2025-08-24T12:16:58.768+03:00 DEBUG 42087 --- [           main] o.s.w.s.handler.SimpleUrlHandlerMapping  : Patterns [/webjars/**, /**] in 'resourceHandlerMapping'
2025-08-24T12:16:58.782+03:00 DEBUG 42087 --- [           main] s.w.s.m.m.a.RequestMappingHandlerAdapter : ControllerAdvice beans: 0 @ModelAttribute, 0 @InitBinder, 1 RequestBodyAdvice, 1 ResponseBodyAdvice
2025-08-24T12:16:58.797+03:00 DEBUG 42087 --- [           main] .m.m.a.ExceptionHandlerExceptionResolver : ControllerAdvice beans: 0 @ExceptionHandler, 1 ResponseBodyAdvice
2025-08-24T12:16:58.849+03:00  INFO 42087 --- [           main] o.s.b.w.embedded.tomcat.TomcatWebServer  : Tomcat started on port 8080 (http) with context path ''
2025-08-24T12:16:58.853+03:00  INFO 42087 --- [           main] com.divkit.demo.DivKitDemoApplication    : Started DivKitDemoApplication in 1.839 seconds (process running for 2.022)
Hibernate: select count(*) from notes n1_0
Hibernate: insert into notes (content,created_at,title,updated_at,id) values (?,?,?,?,default)
Hibernate: insert into notes (content,created_at,title,updated_at,id) values (?,?,?,?,default)
Hibernate: insert into notes (content,created_at,title,updated_at,id) values (?,?,?,?,default)
Тестовые данные созданы!
2025-08-24T12:17:15.292+03:00  INFO 42087 --- [nio-8080-exec-1] o.a.c.c.C.[Tomcat].[localhost].[/]       : Initializing Spring DispatcherServlet 'dispatcherServlet'
2025-08-24T12:17:15.293+03:00  INFO 42087 --- [nio-8080-exec-1] o.s.web.servlet.DispatcherServlet        : Initializing Servlet 'dispatcherServlet'
2025-08-24T12:17:15.293+03:00 DEBUG 42087 --- [nio-8080-exec-1] o.s.web.servlet.DispatcherServlet        : Detected StandardServletMultipartResolver
2025-08-24T12:17:15.293+03:00 DEBUG 42087 --- [nio-8080-exec-1] o.s.web.servlet.DispatcherServlet        : Detected AcceptHeaderLocaleResolver
2025-08-24T12:17:15.293+03:00 DEBUG 42087 --- [nio-8080-exec-1] o.s.web.servlet.DispatcherServlet        : Detected FixedThemeResolver
2025-08-24T12:17:15.294+03:00 DEBUG 42087 --- [nio-8080-exec-1] o.s.web.servlet.DispatcherServlet        : Detected org.springframework.web.servlet.view.DefaultRequestToViewNameTranslator@40fd1a78
2025-08-24T12:17:15.295+03:00 DEBUG 42087 --- [nio-8080-exec-1] o.s.web.servlet.DispatcherServlet        : Detected org.springframework.web.servlet.support.SessionFlashMapManager@350be5ec
2025-08-24T12:17:15.295+03:00 DEBUG 42087 --- [nio-8080-exec-1] o.s.web.servlet.DispatcherServlet        : enableLoggingRequestDetails='false': request parameters and headers will be masked to prevent unsafe logging of potentially sensitive data
2025-08-24T12:17:15.295+03:00  INFO 42087 --- [nio-8080-exec-1] o.s.web.servlet.DispatcherServlet        : Completed initialization in 2 ms
2025-08-24T12:17:15.300+03:00 DEBUG 42087 --- [nio-8080-exec-1] o.s.web.servlet.DispatcherServlet        : GET "/api/ui/health", parameters={}
2025-08-24T12:17:15.307+03:00 DEBUG 42087 --- [nio-8080-exec-1] s.w.s.m.m.a.RequestMappingHandlerMapping : Mapped to com.divkit.demo.controller.UISchemaController#health()
2025-08-24T12:17:15.324+03:00 DEBUG 42087 --- [nio-8080-exec-1] o.s.w.s.m.m.a.HttpEntityMethodProcessor  : Using 'text/plain', given [*/*] and supported [text/plain, */*, application/json, application/*+json]
2025-08-24T12:17:15.324+03:00 DEBUG 42087 --- [nio-8080-exec-1] o.s.w.s.m.m.a.HttpEntityMethodProcessor  : Writing ["OK"]
2025-08-24T12:17:15.328+03:00 DEBUG 42087 --- [nio-8080-exec-1] o.s.web.servlet.DispatcherServlet        : Completed 200 OK
2025-08-24T12:17:23.431+03:00 DEBUG 42087 --- [nio-8080-exec-2] o.s.web.servlet.DispatcherServlet        : GET "/api/ui/screen/notes_list", parameters={}
2025-08-24T12:17:23.434+03:00 DEBUG 42087 --- [nio-8080-exec-2] s.w.s.m.m.a.RequestMappingHandlerMapping : Mapped to com.divkit.demo.controller.UISchemaController#getScreenSchema(String, Map)
Hibernate: select n1_0.id,n1_0.content,n1_0.created_at,n1_0.title,n1_0.updated_at from notes n1_0
2025-08-24T12:17:23.524+03:00 DEBUG 42087 --- [nio-8080-exec-2] o.s.w.s.m.m.a.HttpEntityMethodProcessor  : Using 'application/json', given [*/*] and supported [application/json, application/*+json]
2025-08-24T12:17:23.525+03:00 DEBUG 42087 --- [nio-8080-exec-2] o.s.w.s.m.m.a.HttpEntityMethodProcessor  : Writing [com.divkit.demo.dto.UISchemaResponse@2b3c0fe6]
2025-08-24T12:17:23.590+03:00 DEBUG 42087 --- [nio-8080-exec-2] o.s.web.servlet.DispatcherServlet        : Completed 200 OK
2025-08-24T12:40:23.789+03:00  WARN 42087 --- [l-1 housekeeper] com.zaxxer.hikari.pool.HikariPool        : HikariPool-1 - Thread starvation or clock leap detected (housekeeper delta=15m55s685ms).
2025-08-24T12:43:48.644+03:00  WARN 42087 --- [l-1 housekeeper] com.zaxxer.hikari.pool.HikariPool        : HikariPool-1 - Thread starvation or clock leap detected (housekeeper delta=54s836ms).
2025-08-24T13:00:14.450+03:00  WARN 42087 --- [l-1 housekeeper] com.zaxxer.hikari.pool.HikariPool        : HikariPool-1 - Thread starvation or clock leap detected (housekeeper delta=15m55s799ms).
2025-08-24T13:16:10.099+03:00  WARN 42087 --- [l-1 housekeeper] com.zaxxer.hikari.pool.HikariPool        : HikariPool-1 - Thread starvation or clock leap detected (housekeeper delta=15m55s648ms).
2025-08-24T13:20:26.086+03:00  WARN 42087 --- [l-1 housekeeper] com.zaxxer.hikari.pool.HikariPool        : HikariPool-1 - Thread starvation or clock leap detected (housekeeper delta=3m45s968ms).
2025-08-24T13:36:51.788+03:00  WARN 42087 --- [l-1 housekeeper] com.zaxxer.hikari.pool.HikariPool        : HikariPool-1 - Thread starvation or clock leap detected (housekeeper delta=15m55s697ms).
2025-08-24T13:37:59.429+03:00  WARN 42087 --- [l-1 housekeeper] com.zaxxer.hikari.pool.HikariPool        : HikariPool-1 - Thread starvation or clock leap detected (housekeeper delta=1m7s642ms).
2025-08-24T13:39:35.080+03:00  WARN 42087 --- [l-1 housekeeper] com.zaxxer.hikari.pool.HikariPool        : HikariPool-1 - Thread starvation or clock leap detected (housekeeper delta=1m5s638ms).
2025-08-24T13:55:30.054+03:00  WARN 42087 --- [l-1 housekeeper] com.zaxxer.hikari.pool.HikariPool        : HikariPool-1 - Thread starvation or clock leap detected (housekeeper delta=15m54s973ms).
2025-08-24T13:59:50.052+03:00  WARN 42087 --- [l-1 housekeeper] com.zaxxer.hikari.pool.HikariPool        : HikariPool-1 - Thread starvation or clock leap detected (housekeeper delta=3m50s5ms).
2025-08-24T14:11:19.774+03:00 DEBUG 42087 --- [nio-8080-exec-4] o.s.web.servlet.DispatcherServlet        : GET "/api/ui/screen/notes_list", parameters={}
2025-08-24T14:11:19.781+03:00 DEBUG 42087 --- [nio-8080-exec-4] s.w.s.m.m.a.RequestMappingHandlerMapping : Mapped to com.divkit.demo.controller.UISchemaController#getScreenSchema(String, Map)
Hibernate: select n1_0.id,n1_0.content,n1_0.created_at,n1_0.title,n1_0.updated_at from notes n1_0
2025-08-24T14:11:19.806+03:00 DEBUG 42087 --- [nio-8080-exec-4] o.s.w.s.m.m.a.HttpEntityMethodProcessor  : Using 'application/json', given [*/*] and supported [application/json, application/*+json]
2025-08-24T14:11:19.810+03:00 DEBUG 42087 --- [nio-8080-exec-4] o.s.w.s.m.m.a.HttpEntityMethodProcessor  : Writing [com.divkit.demo.dto.UISchemaResponse@66cbd63e]
2025-08-24T14:11:19.823+03:00 DEBUG 42087 --- [nio-8080-exec-4] o.s.web.servlet.DispatcherServlet        : Completed 200 OK
2025-08-24T14:11:25.399+03:00 DEBUG 42087 --- [nio-8080-exec-5] o.s.web.servlet.DispatcherServlet        : GET "/api/ui/screen/note_view?id=1", parameters={masked}
2025-08-24T14:11:25.401+03:00 DEBUG 42087 --- [nio-8080-exec-5] s.w.s.m.m.a.RequestMappingHandlerMapping : Mapped to com.divkit.demo.controller.UISchemaController#getScreenSchema(String, Map)
Hibernate: select n1_0.id,n1_0.content,n1_0.created_at,n1_0.title,n1_0.updated_at from notes n1_0 where n1_0.id=?
2025-08-24T14:11:25.460+03:00 DEBUG 42087 --- [nio-8080-exec-5] o.s.w.s.m.m.a.HttpEntityMethodProcessor  : Using 'application/json', given [*/*] and supported [application/json, application/*+json]
2025-08-24T14:11:25.460+03:00 DEBUG 42087 --- [nio-8080-exec-5] o.s.w.s.m.m.a.HttpEntityMethodProcessor  : Writing [com.divkit.demo.dto.UISchemaResponse@768acbc2]
2025-08-24T14:11:25.471+03:00 DEBUG 42087 --- [nio-8080-exec-5] o.s.web.servlet.DispatcherServlet        : Completed 200 OK
2025-08-24T14:12:14.622+03:00 DEBUG 42087 --- [nio-8080-exec-7] o.s.web.servlet.DispatcherServlet        : GET "/api/ui/screen/notes_list", parameters={}
2025-08-24T14:12:14.626+03:00 DEBUG 42087 --- [nio-8080-exec-7] s.w.s.m.m.a.RequestMappingHandlerMapping : Mapped to com.divkit.demo.controller.UISchemaController#getScreenSchema(String, Map)
Hibernate: select n1_0.id,n1_0.content,n1_0.created_at,n1_0.title,n1_0.updated_at from notes n1_0
2025-08-24T14:12:14.645+03:00 DEBUG 42087 --- [nio-8080-exec-7] o.s.w.s.m.m.a.HttpEntityMethodProcessor  : Using 'application/json', given [*/*] and supported [application/json, application/*+json]
2025-08-24T14:12:14.646+03:00 DEBUG 42087 --- [nio-8080-exec-7] o.s.w.s.m.m.a.HttpEntityMethodProcessor  : Writing [com.divkit.demo.dto.UISchemaResponse@6b9c7884]
2025-08-24T14:12:14.655+03:00 DEBUG 42087 --- [nio-8080-exec-7] o.s.web.servlet.DispatcherServlet        : Completed 200 OK
2025-08-24T14:12:15.729+03:00 DEBUG 42087 --- [nio-8080-exec-8] o.s.web.servlet.DispatcherServlet        : GET "/api/ui/screen/note_view?id=3", parameters={masked}
2025-08-24T14:12:15.729+03:00 DEBUG 42087 --- [nio-8080-exec-8] s.w.s.m.m.a.RequestMappingHandlerMapping : Mapped to com.divkit.demo.controller.UISchemaController#getScreenSchema(String, Map)
Hibernate: select n1_0.id,n1_0.content,n1_0.created_at,n1_0.title,n1_0.updated_at from notes n1_0 where n1_0.id=?
2025-08-24T14:12:15.731+03:00 DEBUG 42087 --- [nio-8080-exec-8] o.s.w.s.m.m.a.HttpEntityMethodProcessor  : Using 'application/json', given [*/*] and supported [application/json, application/*+json]
2025-08-24T14:12:15.732+03:00 DEBUG 42087 --- [nio-8080-exec-8] o.s.w.s.m.m.a.HttpEntityMethodProcessor  : Writing [com.divkit.demo.dto.UISchemaResponse@38915bf2]
2025-08-24T14:12:15.733+03:00 DEBUG 42087 --- [nio-8080-exec-8] o.s.web.servlet.DispatcherServlet        : Completed 200 OK
